MPLINK 4.43, Linker
Linker Map File - Created Fri Jun 29 16:38:09 2012

                                 Section Info
                  Section       Type    Address   Location Size(Bytes)
                ---------  ---------  ---------  ---------  ---------
                   .org_0       code   0x000000    program   0x000000
                   .org_1       code   0x000000    program   0x000154



                              Program Memory Usage 
                               Start         End      
                           ---------   ---------      
                            0x000000    0x0000a9      
            170 out of 2182 program addresses used, program memory utilization is 7%



                              Symbols - Sorted by Name
                     Name    Address   Location    Storage File                     
                ---------  ---------  ---------  --------- ---------                
           BOTAO_P1_PRESS   0x000056    program     static D:\jogo_choque\codigo\trabalhoFinalMicMic.asm
           BOTAO_P2_PRESS   0x00005d    program     static D:\jogo_choque\codigo\trabalhoFinalMicMic.asm
           BOTAO_P3_PRESS   0x000064    program     static D:\jogo_choque\codigo\trabalhoFinalMicMic.asm
           BOTAO_P4_PRESS   0x00006b    program     static D:\jogo_choque\codigo\trabalhoFinalMicMic.asm
            CHECK_COUNTER   0x000047    program     static D:\jogo_choque\codigo\trabalhoFinalMicMic.asm
               DELAY0_LED   0x00008c    program     static D:\jogo_choque\codigo\trabalhoFinalMicMic.asm
             DELAY0_SHOCK   0x000074    program     static D:\jogo_choque\codigo\trabalhoFinalMicMic.asm
               DELAY1_LED   0x000092    program     static D:\jogo_choque\codigo\trabalhoFinalMicMic.asm
             DELAY1_SHOCK   0x000081    program     static D:\jogo_choque\codigo\trabalhoFinalMicMic.asm
               DELAY2_LED   0x000097    program     static D:\jogo_choque\codigo\trabalhoFinalMicMic.asm
             DELAY2_SHOCK   0x000086    program     static D:\jogo_choque\codigo\trabalhoFinalMicMic.asm
                DELAY_LED   0x000089    program     static D:\jogo_choque\codigo\trabalhoFinalMicMic.asm
              DELAY_SHOCK   0x000072    program     static D:\jogo_choque\codigo\trabalhoFinalMicMic.asm
             DISABLE_P3P4   0x00002d    program     static D:\jogo_choque\codigo\trabalhoFinalMicMic.asm
               FIND_LOSER   0x00004d    program     static D:\jogo_choque\codigo\trabalhoFinalMicMic.asm
                   INICIO   0x000001    program     static D:\jogo_choque\codigo\trabalhoFinalMicMic.asm
                     MAIN   0x00003c    program     static D:\jogo_choque\codigo\trabalhoFinalMicMic.asm
                 SET_N_PS   0x000017    program     static D:\jogo_choque\codigo\trabalhoFinalMicMic.asm
                   SET_P3   0x00001c    program     static D:\jogo_choque\codigo\trabalhoFinalMicMic.asm
                   SET_P4   0x000025    program     static D:\jogo_choque\codigo\trabalhoFinalMicMic.asm
                 SHOCK_P1   0x0000a2    program     static D:\jogo_choque\codigo\trabalhoFinalMicMic.asm
                 SHOCK_P2   0x0000a4    program     static D:\jogo_choque\codigo\trabalhoFinalMicMic.asm
                 SHOCK_P3   0x0000a6    program     static D:\jogo_choque\codigo\trabalhoFinalMicMic.asm
                 SHOCK_P4   0x0000a8    program     static D:\jogo_choque\codigo\trabalhoFinalMicMic.asm
                    START   0x000011    program     static D:\jogo_choque\codigo\trabalhoFinalMicMic.asm
                     WAIT   0x000038    program     static D:\jogo_choque\codigo\trabalhoFinalMicMic.asm



                              Symbols - Sorted by Address
                     Name    Address   Location    Storage File                     
                ---------  ---------  ---------  --------- ---------                
                   INICIO   0x000001    program     static D:\jogo_choque\codigo\trabalhoFinalMicMic.asm
                    START   0x000011    program     static D:\jogo_choque\codigo\trabalhoFinalMicMic.asm
                 SET_N_PS   0x000017    program     static D:\jogo_choque\codigo\trabalhoFinalMicMic.asm
                   SET_P3   0x00001c    program     static D:\jogo_choque\codigo\trabalhoFinalMicMic.asm
                   SET_P4   0x000025    program     static D:\jogo_choque\codigo\trabalhoFinalMicMic.asm
             DISABLE_P3P4   0x00002d    program     static D:\jogo_choque\codigo\trabalhoFinalMicMic.asm
                     WAIT   0x000038    program     static D:\jogo_choque\codigo\trabalhoFinalMicMic.asm
                     MAIN   0x00003c    program     static D:\jogo_choque\codigo\trabalhoFinalMicMic.asm
            CHECK_COUNTER   0x000047    program     static D:\jogo_choque\codigo\trabalhoFinalMicMic.asm
               FIND_LOSER   0x00004d    program     static D:\jogo_choque\codigo\trabalhoFinalMicMic.asm
           BOTAO_P1_PRESS   0x000056    program     static D:\jogo_choque\codigo\trabalhoFinalMicMic.asm
           BOTAO_P2_PRESS   0x00005d    program     static D:\jogo_choque\codigo\trabalhoFinalMicMic.asm
           BOTAO_P3_PRESS   0x000064    program     static D:\jogo_choque\codigo\trabalhoFinalMicMic.asm
           BOTAO_P4_PRESS   0x00006b    program     static D:\jogo_choque\codigo\trabalhoFinalMicMic.asm
              DELAY_SHOCK   0x000072    program     static D:\jogo_choque\codigo\trabalhoFinalMicMic.asm
             DELAY0_SHOCK   0x000074    program     static D:\jogo_choque\codigo\trabalhoFinalMicMic.asm
             DELAY1_SHOCK   0x000081    program     static D:\jogo_choque\codigo\trabalhoFinalMicMic.asm
             DELAY2_SHOCK   0x000086    program     static D:\jogo_choque\codigo\trabalhoFinalMicMic.asm
                DELAY_LED   0x000089    program     static D:\jogo_choque\codigo\trabalhoFinalMicMic.asm
               DELAY0_LED   0x00008c    program     static D:\jogo_choque\codigo\trabalhoFinalMicMic.asm
               DELAY1_LED   0x000092    program     static D:\jogo_choque\codigo\trabalhoFinalMicMic.asm
               DELAY2_LED   0x000097    program     static D:\jogo_choque\codigo\trabalhoFinalMicMic.asm
                 SHOCK_P1   0x0000a2    program     static D:\jogo_choque\codigo\trabalhoFinalMicMic.asm
                 SHOCK_P2   0x0000a4    program     static D:\jogo_choque\codigo\trabalhoFinalMicMic.asm
                 SHOCK_P3   0x0000a6    program     static D:\jogo_choque\codigo\trabalhoFinalMicMic.asm
                 SHOCK_P4   0x0000a8    program     static D:\jogo_choque\codigo\trabalhoFinalMicMic.asm


